// Jest Snapshot v1, https://goo.gl/fbAQLP

exports[`React Router Lockin - Observable complains when called without "new" 1`] = `"Cannot call a class as a function"`;
